// Jest Snapshot v1, https://goo.gl/fbAQLP

exports[`NotFound Renders default 1`] = `
<h1>
  404
</h1>
`
